2026-10-03 11:19:05,401 | INFO    | jobs | migrated + seeded: {'regions': 0, 'cities': 0, 'venues': 0, 'categories': 0, 'sources': 0}
2026-10-03 11:19:05,625 | INFO    | pipeline | pipeline run 56 started (scheduled)
2026-10-03 11:19:13,042 | INFO    | collector.football_fixtures | source=football_fixtures stage=collect status=HEALTHY duration_ms=7233 events=1458 endpoints=10/10 blocked=0
2026-10-03 11:20:49,710 | INFO    | collector.venue_pages | source=venue_pages stage=collect status=HEALTHY duration_ms=96661 events=1578 endpoints=131/131 blocked=0
2026-10-03 11:20:54,194 | INFO    | collector.universities | source=universities stage=collect status=HEALTHY duration_ms=4479 events=54 endpoints=2/2 blocked=0
2026-10-03 11:22:37,862 | INFO    | collector.tourism | source=tourism stage=collect status=DEGRADED duration_ms=103665 events=80 endpoints=85/86 blocked=1
2026-10-03 11:22:37,865 | INFO    | collector.ical_feeds | source=ical_feeds stage=collect status=EMPTY duration_ms=0 events=0 endpoints=0/0 blocked=0
2026-10-03 11:22:37,867 | INFO    | collector.councils | source=councils stage=collect status=EMPTY duration_ms=0 events=0 endpoints=0/0 blocked=0
2026-10-03 11:22:37,869 | INFO    | collector.colleges | source=colleges stage=collect status=EMPTY duration_ms=0 events=0 endpoints=0/0 blocked=0
2026-10-03 11:22:37,871 | INFO    | collector.rss_feeds | source=rss_feeds stage=collect status=EMPTY duration_ms=0 events=0 endpoints=0/0 blocked=0
2026-10-03 11:22:37,873 | INFO    | collector.schools | source=schools stage=collect status=EMPTY duration_ms=0 events=0 endpoints=0/0 blocked=0
2026-10-03 11:22:37,875 | INFO    | collector.curated | source=curated stage=collect status=HEALTHY duration_ms=0 events=1 endpoints=0/0 blocked=0
2026-10-03 11:22:49,192 | INFO    | pipeline | pipeline run 56 finished: SUCCESS in 223.57s
pipeline run id: 56
{
  "generated_for": "2026-10-03",
  "summary": {
    "date": "2026-10-03",
    "events_today": 38,
    "events_tomorrow": 27,
    "events_next_7_days": 159,
    "events_next_30_days": 632,
    "high": 43,
    "very_high": 7,
    "medium": 36,
    "next_scheduled_run": "2026-10-04T06:00:00+00:00",
    "data_freshness": {
      "hours_since_last_success": 0.0,
      "avg_freshness_score": 92.6,
      "label": "FRESH"
    },
    "new_events": 48,
    "changed_events": 8,
    "cancelled_events": 0,
    "sources_total": 13,
    "sources_healthy": 10,
    "sources_empty": 5,
    "sources_blocked": 0,
    "source_regressions": [],
    "open_actions": 475,
    "horizons": {
      "today": 35,
      "7d": 160,
      "30d": 636,
      "90d": 1607
    },
    "source_silent_events": 0
  },
  "by_category_7d": {
    "arts": 1,
    "community": 35,
    "conference": 2,
    "education": 2,
    "family": 1,
    "festival": 7,
    "music": 28,
    "sports": 51,
    "theatre": 32
  },
  "pipeline_status": "SUCCESS",
  "service_area": {
    "cities": [
      "London",
      "Manchester",
      "Birmingham",
      "Leeds",
      "Liverpool"
    ],
    "source": "env",
    "top": [
      {
        "id": 354,
        "title": "West Ham United v Queens Park Rangers",
        "date": "2026-10-09",
        "time": "20:00",
        "venue": "London Stadium",
        "city": "London",
        "score": 91,
        "demand_level": "VERY_HIGH",
        "category": "sports",
        "marketing_priority": "P1",
        "top_action": "Optimise for \u201ctaxi to London Stadium\u201d",
        "post_window": {
          "start": "22:15",
          "end": "00:45",
          "type": "departures",
          "peak": "22:35"
        },
        "quality_level": "MEDIUM",
        "source_confidence": "TRUSTED",
        "status": "SCHEDULED",
        "capacity": 62500
      },
      {
        "id": 16,
        "title": "Man Utd v Spurs",
        "date": "2026-10-10",
        "time": "17:30",
        "venue": "Old Trafford",
        "city": "Manchester",
        "score": 90,
        "demand_level": "VERY_HIGH",
        "category": "sports",
        "marketing_priority": "P1",
        "top_action": "Optimise for \u201ctaxi to Old Trafford\u201d",
        "post_window": {
          "start": "19:45",
          "end": "22:15",
          "type": "departures",
          "peak": "20:05"
        },
        "quality_level": "MEDIUM",
        "source_confidence": "TRUSTED",
        "status": "SCHEDULED",
        "capacity": 74310
      },
      {
        "id": 1691,
        "title": "England v Czechia",
        "date": "2026-10-06",
        "time": "19:45",
        "venue": "Wembley Stadium",
        "city": "London",
        "score": 86,
        "demand_level": "VERY_HIGH",
        "category": "sports",
        "marketing_priority": "P1",
        "top_action": "Optimise for \u201ctaxi to Wembley Stadium\u201d",
        "post_window": {
          "start": "22:00",
          "end": "00:30",
          "type": "departures",
          "peak": "22:20"
        },
        "quality_level": "MEDIUM",
        "source_confidence": "TRUSTED",
        "status": "SCHEDULED",
        "capacity": 90000
      },
      {
        "id": 11,
        "title": "Arsenal v Leeds",
        "date": "2026-10-10",
        "time": "12:30",
        "venue": "Emirates Stadium",
        "city": "London",
        "score": 86,
        "demand_level": "VERY_HIGH",
        "category": "sports",
        "marketing_priority": "P1",
        "top_action": "Optimise for \u201ctaxi to Emirates Stadium\u201d",
        "post_window": {
          "start": "14:45",
          "end": "17:15",
          "type": "departures",
          "peak": "15:05"
        },
        "quality_level": "MEDIUM",
        "source_confidence": "TRUSTED",
        "status": "SCHEDULED",
        "capacity": 60704
      },
      {
        "id": 1082,
        "title": "Everton v Birmingham City",
        "date": "2026-10-04",
        "time": "14:00",
        "venue": "Goodison Park",
        "city": "Liverpool",
        "score": 83,
        "demand_level": "VERY_HIGH",
        "category": "sports",
        "marketing_priority": "P1",
        "top_action": "Optimise for \u201ctaxi to Goodison Park\u201d",
        "post_window": {
          "start": "16:15",
          "end": "18:45",
          "type": "departures",
          "peak": "16:35"
        },
        "quality_level": "MEDIUM",
        "source_confidence": "TRUSTED",
        "status": "SCHEDULED",
        "capacity": 39414
      }
    ]
  },
  "top_opportunities": [
    {
      "id": 354,
      "title": "West Ham United v Queens Park Rangers",
      "date": "2026-10-09",
      "time": "20:00",
      "venue": "London Stadium",
      "city": "London",
      "score": 91,
      "demand_level": "VERY_HIGH",
      "category": "sports",
      "marketing_priority": "P1",
      "top_action": "Optimise for \u201ctaxi to London Stadium\u201d",
      "post_window": {
        "start": "22:15",
        "end": "00:45",
        "type": "departures",
        "peak": "22:35"
      },
      "quality_level": "MEDIUM",
      "source_confidence": "TRUSTED",
      "status": "SCHEDULED",
      "capacity": 62500
    },
    {
      "id": 16,
      "title": "Man Utd v Spurs",
      "date": "2026-10-10",
      "time": "17:30",
      "venue": "Old Trafford",
      "city": "Manchester",
      "score": 90,
      "demand_level": "VERY_HIGH",
      "category": "sports",
      "marketing_priority": "P1",
      "top_action": "Optimise for \u201ctaxi to Old Trafford\u201d",
      "post_window": {
        "start": "19:45",
        "end": "22:15",
        "type": "departures",
        "peak": "20:05"
      },
      "quality_level": "MEDIUM",
      "source_confidence": "TRUSTED",
      "status": "SCHEDULED",
      "capacity": 74310
    },
    {
      "id": 1691,
      "title": "England v Czechia",
      "date": "2026-10-06",
      "time": "19:45",
      "venue": "Wembley Stadium",
      "city": "London",
      "score": 86,
      "demand_level": "VERY_HIGH",
      "category": "sports",
      "marketing_priority": "P1",
      "top_action": "Optimise for \u201ctaxi to Wembley Stadium\u201d",
      "post_window": {
        "start": "22:00",
        "end": "00:30",
        "type": "departures",
        "peak": "22:20"
      },
      "quality_level": "MEDIUM",
      "source_confidence": "TRUSTED",
      "status": "SCHEDULED",
      "capacity": 90000
    },
    {
      "id": 11,
      "title": "Arsenal v Leeds",
      "date": "2026-10-10",
      "time": "12:30",
      "venue": "Emirates Stadium",
      "city": "London",
      "score": 86,
      "demand_level": "VERY_HIGH",
      "category": "sports",
      "marketing_priority": "P1",
      "top_action": "Optimise for \u201ctaxi to Emirates Stadium\u201d",
      "post_window": {
        "start": "14:45",
        "end": "17:15",
        "type": "departures",
        "peak": "15:05"
      },
      "quality_level": "MEDIUM",
      "source_confidence": "TRUSTED",
      "status": "SCHEDULED",
      "capacity": 60704
    },
    {
      "id": 1082,
      "title": "Everton v Birmingham City",
      "date": "2026-10-04",
      "time": "14:00",
      "venue": "Goodison Park",
      "city": "Liverpool",
      "score": 83,
      "demand_level": "VERY_HIGH",
      "category": "sports",
      "marketing_priority": "P1",
      "top_action": "Optimise for \u201ctaxi to Goodison Park\u201d",
      "post_window": {
        "start": "16:15",
        "end": "18:45",
        "type": "departures",
        "peak": "16:35"
      },
      "quality_level": "MEDIUM",
      "source_confidence": "TRUSTED",
      "status": "SCHEDULED",
      "capacity": 39414
    }
  ],
  "today": [
    {
      "id": 3573,
      "title": "Niall Horan",
      "date": "2026-10-03",
      "time": "18:30",
      "venue": "The O2",
      "city": "London",
      "score": 78,
      "demand_level": "HIGH",
      "category": "music",
      "marketing_priority": "P2",
      "top_action": "Optimise for \u201ctaxi to The O2\u201d",
      "post_window": {
        "start": "21:30",
        "end": "00:00",
        "type": "departures",
        "peak": "21:50"
      },
      "quality_level": "HIGH",
      "source_confidence": "OFFICIAL",
      "status": "SCHEDULED",
      "capacity": 20000
    },
    {
      "id": 1265,
      "title": "The Phantoms",
      "date": "2026-10-03",
      "time": "18:30",
      "venue": "The O2",
      "city": "London",
      "score": 76,
      "demand_level": "HIGH",
      "category": "theatre",
      "marketing_priority": "P2",
      "top_action": "Optimise for \u201ctaxi to The O2\u201d",
      "post_window": {
        "start": "23:00",
        "end": "01:30",
        "type": "departures",
        "peak": "23:20"
      },
      "quality_level": "HIGH",
      "source_confidence": "OFFICIAL",
      "status": "SCHEDULED",
      "capacity": 20000
    },
    {
      "id": 816,
      "title": "Bristol Bears v Northampton Saints",
      "date": "2026-10-03",
      "time": "15:05",
      "venue": "Ashton Gate",
      "city": "Bristol",
      "score": 71,
      "demand_level": "HIGH",
      "category": "sports",
      "marketing_priority": "P2",
      "top_action": null,
      "post_window": {
        "start": "17:20",
        "end": "19:50",
        "type": "departures",
        "peak": "17:40"
      },
      "quality_level": "MEDIUM",
      "source_confidence": "TRUSTED",
      "status": "SCHEDULED",
      "capacity": 27000
    },
    {
      "id": 3574,
      "title": "Matchroom Boxing - Whittaker vs Wallace",
      "date": "2026-10-03",
      "time": "17:00",
      "venue": "Utilita Arena Birmingham",
      "city": "Birmingham",
      "score": 70,
      "demand_level": "HIGH",
      "category": "sports",
      "marketing_priority": "P2",
      "top_action": "Optimise for \u201ctaxi to Utilita Arena Birmingham\u201d",
      "post_window": {
        "start": "19:15",
        "end": "21:45",
        "type": "departures",
        "peak": "19:35"
      },
      "quality_level": "HIGH",
      "source_confidence": "OFFICIAL",
      "status": "SCHEDULED",
      "capacity": 15800
    },
    {
      "id": 1269,
      "title": "Simple Plan",
      "date": "2026-10-03",
      "time": "18:00",
      "venue": "OVO Arena Wembley",
      "city": "London",
      "score": 69,
      "demand_level": "HIGH",
      "category": "music",
      "marketing_priority": "P2",
      "top_action": "Optimise for \u201ctaxi to OVO Arena Wembley\u201d",
      "post_window": {
        "start": "23:00",
        "end": "01:30",
        "type": "departures",
        "peak": "23:20"
      },
      "quality_level": "HIGH",
      "source_confidence": "OFFICIAL",
      "status": "SCHEDULED",
      "capacity": 12500
    },
    {
      "id": 3080,
      "title": "Matchroom Boxing - Whittaker vs Wallace",
      "date": "2026-10-03",
      "time": "16:00",
      "venue": "Utilita Arena Birmingham",
      "city": "Birmingham",
      "score": 66,
      "demand_level": "HIGH",
      "category": "sports",
      "marketing_priority": "P2",
      "top_action": "Optimise for \u201ctaxi to Utilita Arena Birmingham\u201d",
      "post_window": {
        "start": "18:15",
        "end": "20:45",
        "type": "departures",
        "peak": "18:35"
      },
      "quality_level": "HIGH",
      "source_confidence": "OFFICIAL",
      "status": "SCHEDULED",
      "capacity": 15800
    },
    {
      "id": 3456,
      "title": "Matchroom Boxing - Whittaker vs Wallace",
      "date": "2026-10-03",
      "time": "16:30",
      "venue": "Utilita Arena Birmingham",
      "city": "Birmingham",
      "score": 66,
      "demand_level": "HIGH",
      "category": "sports",
      "marketing_priority": "P2",
      "top_action": "Optimise for \u201ctaxi to Utilita Arena Birmingham\u201d",
      "post_window": {
        "start": "18:45",
        "end": "21:15",
        "type": "departures",
        "peak": "19:05"
      },
      "quality_level": "HIGH",
      "source_confidence": "OFFICIAL",
      "status": "SCHEDULED",
      "capacity": 15800
    },
    {
      "id": 818,
      "title": "Newcastle Red Bulls v Leicester Tigers",
      "date": "2026-10-03",
      "time": "19:45",
      "venue": "Kingston Park",
      "city": "Newcastle upon Tyne",
      "score": 65,
      "demand_level": "HIGH",
      "category": "sports",
      "marketing_priority": "P2",
      "top_action": null,
      "post_window": {
        "start": "22:00",
        "end": "00:30",
        "type": "departures",
        "peak": "22:20"
      },
      "quality_level": "MEDIUM",
      "source_confidence": "TRUSTED",
      "status": "SCHEDULED",
      "capacity": 10200
    },
    {
      "id": 1330,
      "title": "Westlife",
      "date": "2026-10-03",
      "time": "19:00",
      "venue": "Utilita Arena Sheffield",
      "city": "Sheffield",
      "score": 65,
      "demand_level": "HIGH",
      "category": "music",
      "marketing_priority": "P2",
      "top_action": null,
      "post_window": {
        "start": "21:00",
        "end": "23:30",
        "type": "departures",
        "peak": "21:20"
      },
      "quality_level": "HIGH",
      "source_confidence": "OFFICIAL",
      "status": "SCHEDULED",
      "capacity": 13600
    },
    {
      "id": 817,
      "title": "Gloucester Rugby v Harlequins",
      "date": "2026-10-03",
      "time": "17:30",
      "venue": "Kingsholm Stadium",
      "city": "Gloucester",
      "score": 60,
      "demand_level": "MEDIUM",
      "category": "sports",
      "marketing_priority": "P3",
      "top_action": null,
      "post_window": {
        "start": "19:45",
        "end": "22:15",
        "type": "departures",
        "peak": "20:05"
      },
      "quality_level": "MEDIUM",
      "source_confidence": "TRUSTED",
      "status": "SCHEDULED",
      "capacity": 16115
    },
    {
      "id": 3122,
      "title": "Concert by the Athenrye Acoustic Duo",
      "date": "2026-10-03",
      "time": "19:00",
      "venue": "University Church of St Mary the Virgin",
      "city": "Oxford",
      "score": 55,
      "demand_level": "MEDIUM",
      "category": "music",
      "marketing_priority": "P3",
      "top_action": null,
      "post_window": {
        "start": "22:00",
        "end": "00:30",
        "type": "departures",
        "peak": "22:20"
      },
      "quality_level": "HIGH",
      "source_confidence": "TRUSTED",
      "status": "SCHEDULED",
      "capacity": null
    },
    {
      "id": 2276,
      "title": "SIX",
      "date": "2026-10-03",
      "time": "17:00",
      "venue": "Vaudeville Theatre",
      "city": "London",
      "score": 54,
      "demand_level": "MEDIUM",
      "category": "theatre",
      "marketing_priority": "P3",
      "top_action": null,
      "post_window": {
        "start": "23:00",
        "end": "01:30",
        "type": "departures",
        "peak": "23:20"
      },
      "quality_level": "HIGH",
      "source_confidence": "OFFICIAL",
      "status": "SCHEDULED",
      "capacity": 691
    },
    {
      "id": 1736,
      "title": "My Son\u2019s A Queer (But What Can You Do?)",
      "date": "2026-10-03",
      "time": "20:30",
      "venue": "Apollo Theatre",
      "city": "London",
      "score": 53,
      "demand_level": "MEDIUM",
      "category": "theatre",
      "marketing_priority": "P3",
      "top_action": null,
      "post_window": {
        "start": "23:30",
        "end": "02:00",
        "type": "departures",
        "peak": "23:50"
      },
      "quality_level": "HIGH",
      "source_confidence": "OFFICIAL",
      "status": "SCHEDULED",
      "capacity": 827
    },
    {
      "id": 1771,
      "title": "Hadestown",
      "date": "2026-10-03",
      "time": "20:30",
      "venue": "Lyric Theatre",
      "city": "London",
      "score": 53,
      "demand_level": "MEDIUM",
      "category": "theatre",
      "marketing_priority": "P3",
      "top_action": null,
      "post_window": {
        "start": "23:30",
        "end": "02:00",
        "type": "departures",
        "peak": "23:50"
      },
      "quality_level": "HIGH",
      "source_confidence": "OFFICIAL",
      "status": "SCHEDULED",
      "capacity": 938
    },
    {
      "id": 2909,
      "title": "Michael Ball: Glow UK Tour",
      "date": "2026-10-03",
      "time": "19:00",
      "venue": "De Montfort Hall",
      "city": "Leicester",
      "score": 53,
      "demand_level": "MEDIUM",
      "category": "music",
      "marketing_priority": "P3",
      "top_action": null,
      "post_window": {
        "start": "22:00",
        "end": "00:30",
        "type": "departures",
        "peak": "22:20"
      },
      "quality_level": "MEDIUM",
      "source_confidence": "TRUSTED",
      "status": "SCHEDULED",
      "capacity": null
    },
    {
      "id": 2277,
      "title": "SIX",
      "date": "2026-10-03",
      "time": "21:00",
      "venue": "Vaudeville Theatre",
      "city": "London",
      "score": 52,
      "demand_level": "MEDIUM",
      "category": "theatre",
      "marketing_priority": "P3",
      "top_action": null,
      "post_window": {
        "start": "23:00",
        "end": "01:30",
        "type": "departures",
        "peak": "23:20"
      },
      "quality_level": "HIGH",
      "source_confidence": "OFFICIAL",
      "status": "SCHEDULED",
      "capacity": 691
    },
    {
      "id": 1735,
      "title": "My Son\u2019s A Queer (But What Can You Do?)",
      "date": "2026-10-03",
      "time": "15:30",
      "venue": "Apollo Theatre",
      "city": "London",
      "score": 49,
      "demand_level": "MODERATE",
      "category": "theatre",
      "marketing_priority": null,
      "top_action": null,
      "post_window": {
        "start": "18:30",
        "end": "21:00",
        "type": "departures",
        "peak": "18:50"
      },
      "quality_level": "HIGH",
      "source_confidence": "OFFICIAL",
      "status": "SCHEDULED",
      "capacity": 827
    },
    {
      "id": 1770,
      "title": "Hadestown",
      "date": "2026-10-03",
      "time": "15:30",
      "venue": "Lyric Theatre",
      "city": "London",
      "score": 49,
      "demand_level": "MODERATE",
      "category": "theatre",
      "marketing_priority": null,
      "top_action": null,
      "post_window": {
        "start": "18:30",
        "end": "21:00",
        "type": "departures",
        "peak": "18:50"
      },
      "quality_level": "HIGH",
      "source_confidence": "OFFICIAL",
      "status": "SCHEDULED",
      "capacity": 938
    },
    {
      "id": 1553,
      "title": "Harriet Kemsley: Floozy",
      "date": "2026-10-03",
      "time": "19:30",
      "venue": "North Wall Arts Centre",
      "city": "Oxford",
      "score": 48,
      "demand_level": "MODERATE",
      "category": "community",
      "marketing_priority": null,
      "top_action": null,
      "post_window": {
        "start": "21:30",
        "end": "00:00",
        "type": "departures",
        "peak": "21:50"
      },
      "quality_level": "HIGH",
      "source_confidence": "TRUSTED",
      "status": "SCHEDULED",
      "capacity": null
    },
    {
      "id": 1559,
      "title": "Museum of Oxford Tour \u2013 Inside the Oxford Town Hall",
      "date": "2026-10-03",
      "time": "11:00",
      "venue": "Museum of Oxford",
      "city": "Oxford",
      "score": 47,
      "demand_level": "MODERATE",
      "category": "music",
      "marketing_priority": null,
      "top_action": null,
      "post_window": {
        "start": "12:00",
        "end": "14:30",
        "type": "departures",
        "peak": "12:20"
      },
      "quality_level": "HIGH",
      "source_confidence": "TRUSTED",
      "status": "SCHEDULED",
      "capacity": null
    }
  ],
  "disclaimer": "Scores and demand windows are modelled estimates, not observed taxi demand."
}
